python/pyi_test/typing_test.py:28: note: Revealed type is "bool"
python/pyi_test/typing_test.py:29: note: Revealed type is "str"
python/pyi_test/typing_test.py:30: note: Revealed type is "bytes"
python/pyi_test/typing_test.py:31: note: Revealed type is "str"
python/pyi_test/typing_test.py:32: note: Revealed type is "python.pyi_test.fixture_pb2.State"
python/pyi_test/typing_test.py:34: note: Revealed type is "str"
python/pyi_test/typing_test.py:40: note: Revealed type is "int"
python/pyi_test/typing_test.py:41: note: Revealed type is "str"
python/pyi_test/typing_test.py:42: note: Revealed type is "str"
python/pyi_test/typing_test.py:44: error: Argument "payload" to "Step" has incompatible type "str"; expected "bytes | None"  [arg-type]
python/pyi_test/typing_test.py:45: error: Incompatible types in assignment (expression has type "str", variable has type "bytes")  [assignment]
python/pyi_test/typing_test.py:46: error: Unexpected keyword argument "not_a_field" for "Step"  [call-arg]
python/pyi_test/typing_test.py:46: note: "Step" defined in "python.pyi_test.fixture_pb2"
