 INFO python/pyi_test/typing_test.py:33:12-21: revealed type: bool [reveal-type]
 INFO python/pyi_test/typing_test.py:34:12-25: revealed type: str [reveal-type]
 INFO python/pyi_test/typing_test.py:35:12-26: revealed type: bytes [reveal-type]
 INFO python/pyi_test/typing_test.py:36:12-33: revealed type: str [reveal-type]
 INFO python/pyi_test/typing_test.py:37:12-24: revealed type: State [reveal-type]
 INFO python/pyi_test/typing_test.py:38:12-40: revealed type: Literal['detail'] | None [reveal-type]
 INFO python/pyi_test/typing_test.py:39:12-39: revealed type: Literal['error', 'ok'] | None [reveal-type]
 INFO python/pyi_test/typing_test.py:40:12-40: revealed type: Literal['error', 'ok'] | None [reveal-type]
 INFO python/pyi_test/typing_test.py:42:12-28: revealed type: str [reveal-type]
 INFO python/pyi_test/typing_test.py:43:12-40: revealed type: Literal['finished', 'started'] | None [reveal-type]
 INFO python/pyi_test/typing_test.py:45:12-42: revealed type: Literal['class', 'from'] | None [reveal-type]
 INFO python/pyi_test/typing_test.py:47:12-33: revealed type: str [reveal-type]
 INFO python/pyi_test/typing_test.py:50:12-20: revealed type: Literal['a', 'b'] | None [reveal-type]
 INFO python/pyi_test/typing_test.py:52:16-24: revealed type: str [reveal-type]
 INFO python/pyi_test/typing_test.py:54:16-24: revealed type: int [reveal-type]
 INFO python/pyi_test/typing_test.py:65:12-35: revealed type: int [reveal-type]
 INFO python/pyi_test/typing_test.py:66:12-30: revealed type: str [reveal-type]
 INFO python/pyi_test/typing_test.py:67:12-31: revealed type: str [reveal-type]
ERROR python/pyi_test/typing_test.py:69:26-37: Argument `Literal['not bytes']` is not assignable to parameter `payload` with type `bytes | None` in function `python.pyi_test.fixture_pb2.Step.__init__` [bad-argument-type]
ERROR python/pyi_test/typing_test.py:70:16-27: `Literal['not bytes']` is not assignable to attribute `payload` with type `bytes` [bad-assignment]
ERROR python/pyi_test/typing_test.py:71:18-29: Unexpected keyword argument `not_a_field` in function `python.pyi_test.fixture_pb2.Step.__init__` [unexpected-keyword]
ERROR python/pyi_test/typing_test.py:72:16-31: No matching overload found for function `python.pyi_test.fixture_pb2.Step.WhichOneof` called with arguments: (Literal['not_a_oneof']) [no-matching-overload]
ERROR python/pyi_test/typing_test.py:73:16-38: No matching overload found for function `python.pyi_test.fixture_pb2.Step.WhichOneof` called with arguments: (oneof_group=Literal['action']) [no-matching-overload]
ERROR python/pyi_test/typing_test.py:74:24-37: Argument `Literal['not_a_oneof']` is not assignable to parameter `oneof_group` with type `NoReturn` in function `python.pyi_test.self_fields_pb2.SelfFields.WhichOneof` [bad-argument-type]
ERROR python/pyi_test/typing_test.py:81:18-24: Argument `Literal['b']` is not assignable to parameter `arg` with type `Never` in function `typing_extensions.assert_never` [bad-argument-type]
