 INFO python/pyi_test/typing_test.py:28:12-21: revealed type: bool [reveal-type]
 INFO python/pyi_test/typing_test.py:29:12-25: revealed type: str [reveal-type]
 INFO python/pyi_test/typing_test.py:30:12-26: revealed type: bytes [reveal-type]
 INFO python/pyi_test/typing_test.py:31:12-33: revealed type: str [reveal-type]
 INFO python/pyi_test/typing_test.py:32:12-24: revealed type: State [reveal-type]
 INFO python/pyi_test/typing_test.py:34:12-28: revealed type: str [reveal-type]
 INFO python/pyi_test/typing_test.py:40:12-35: revealed type: int [reveal-type]
 INFO python/pyi_test/typing_test.py:41:12-30: revealed type: str [reveal-type]
 INFO python/pyi_test/typing_test.py:42:12-31: revealed type: str [reveal-type]
ERROR python/pyi_test/typing_test.py:44:26-37: Argument `Literal['not bytes']` is not assignable to parameter `payload` with type `bytes | None` in function `python.pyi_test.fixture_pb2.Step.__init__` [bad-argument-type]
ERROR python/pyi_test/typing_test.py:45:16-27: `Literal['not bytes']` is not assignable to attribute `payload` with type `bytes` [bad-assignment]
ERROR python/pyi_test/typing_test.py:46:18-29: Unexpected keyword argument `not_a_field` in function `python.pyi_test.fixture_pb2.Step.__init__` [unexpected-keyword]
